Menu:
r to find a route
b to see a list of all buildings
q to quit

Enter an option ('m' to see the menu): Abbreviated name of starting building: Abbreviated name of ending building: Unknown building: OMG

Enter an option ('m' to see the menu):
Abbreviated name of starting building: Abbreviated name of ending building: Unknown building: OMFG

Enter an option ('m' to see the menu):
