Menu:
r to find a route
b to see a list of all buildings
q to quit

Enter an option ('m' to see the menu): Abbreviated name of starting building: Abbreviated name of ending building: Unknown building: HEY
Unknown building: HOW

Enter an option ('m' to see the menu):
Abbreviated name of starting building: Abbreviated name of ending building: Unknown building: ARE
Unknown building: YOU

Enter an option ('m' to see the menu):
